<?xml version="1.0" encoding="UTF-8"?>
<testsuites name="jest tests" tests="9" failures="0" time="6.528">
  <testsuite name="My first test case!" errors="0" failures="0" skipped="0" timestamp="2020-09-25T21:45:21" time="3.371" tests="1">
    <testcase classname="My first test case! add(1, 2) equals 3" name="My first test case! add(1, 2) equals 3" time="0.002">
    </testcase>
  </testsuite>
  <testsuite name="button tests" errors="0" failures="0" skipped="0" timestamp="2020-09-25T21:45:21" time="3.418" tests="1">
    <testcase classname="button tests it&apos;s a div" name="button tests it&apos;s a div" time="0.013">
    </testcase>
  </testsuite>
  <testsuite name="classnames tests" errors="0" failures="0" skipped="0" timestamp="2020-09-25T21:45:21" time="3.508" tests="5">
    <testcase classname="classnames tests receives one className" name="classnames tests receives one className" time="0.002">
    </testcase>
    <testcase classname="classnames tests receives two classNames" name="classnames tests receives two classNames" time="0">
    </testcase>
    <testcase classname="classnames tests receives undefined and not showing undefined" name="classnames tests receives undefined and not showing undefined" time="0">
    </testcase>
    <testcase classname="classnames tests receives multiple classNames and bunch of random things" name="classnames tests receives multiple classNames and bunch of random things" time="0">
    </testcase>
    <testcase classname="classnames tests receives nothing" name="classnames tests receives nothing" time="0">
    </testcase>
  </testsuite>
  <testsuite name="Icon tests" errors="0" failures="0" skipped="0" timestamp="2020-09-25T21:45:21" time="3.593" tests="2">
    <testcase classname="Icon tests successiful rendering" name="Icon tests successiful rendering" time="0.012">
    </testcase>
    <testcase classname="Icon tests onClick" name="Icon tests onClick" time="0.047">
    </testcase>
  </testsuite>
</testsuites>